#Ambili Font map for Payyans
#http://download.savannah.gnu.org/releases/smc/payyans
#Copyright 2009 Zyxware (www.zyxware.com)
#Copyright 2008 SMC (www.smc.org.in)
#Licensed under GPLv3
#Contact smc-discuss@googlegroups.com for bug reports
w=ം
x=ഃ
A=അ
B=ആ
C=ഇ
Cu=ഈ
D=ഉ
Du=ഊ
E=ഋ
\p=ഌ
F=എ
G=ഏ
sF=ഐ
H=ഒ
Hm=ഓ
Hu=ഔ
I=ക
J=ഖ
K=ഗ
L=ഘ
M=ങ
N=ച
O=ഛ
P=ജ
Q=ഝ
R=ഞ
S=ട
T=ഠ
U=ഡ
V=ഢ
W=ണ
X=ത
Y=ഥ
Z=ദ
[=ധ
\=ന
]=പ
^=ഫ
_=ബ
`=ഭ
a=മ
b=യ
c=ര
d=റ
e=ല
f=ള
g=ഴ
h=വ
i=ശ
j=ഷ
k=സ
l=ഹ
m=ാ
n=ി
o=ീ
p=ു
q=ൂ
r=ൃ
s=െ
t=േ
ss=ൈ
sm=ൊ
tm=ോ
su=ൌ
v=്‌
u=ൗ
¡=ത്ഥ
¢=ക്ല
£=ക്ഷ
€=ഗ്ഗ
¥=ഗ്ല
Š=ങ്ക
§=ങ്ങ
š=ണ്‍ 
©=ഞ്ച
ª=ഞ്ഞ
«=ട്ട
¬=ല്‍  
­=ണ്ട
®=ച്ച
¯=സ്ഥ
°=ക്ക
±=ദ്ദ
²=ദ്ധ
³=ന്‍
Ž=ന്ത
µ=ന്ദ
¶=ങ്ക
·=ന്മ
ž=പ്പ
¹=പ്ലശ്ശ 
º=മ്പ
»=ശ്ശ 
Œ=മ്പ
œ=മ്മ
Ÿ=മ്ല
¿=ര്‍
À=ഹ്ല
Á=റ്റ
Â=ണ്ണ
Ã=സ്റ്റ
Ä=ള്‍
Å=ള്ള
Æ=ണ്ണ
Ç=ശ്ല
È=ശ്ശ
É=സ്ല
Ê=സ്സ
Ë=ഹ്ല
Ì=സ്റ്റ
Í=ഡ്ഡ
Î=ക്ട
Ï=ബ്ധ
Ð=ബ്ദ
Ñ=ച്ഛ
Ò=ഹ്മ
Ó=ഹ്ന
Ô=ന്ധ
Õ=ത്സ
Ö=ജ്ജ
×=ണ്മ
Ø=ത്ത
Ù=ന്ഥ
Ú=ജ്ഞ
Û=ത്ഭ
Ü=ഗ്മ
Ý=ശ്ച
Þ=ണ്ഡ
ß=ങ്ങ
à=ക്ത
á=ഗ്ന
â=ന്റ
ã=ഷ്ട
ä=റ്റ
å=ന്
ó=ന്ന
y=്യ
z=്വ
{=്ര
ð=ല്‍
ï=ണ്ട
ñ=ല്ല
ò=ന്മ
´=ട്ട
¸=പ്പ
¨=ണ്‍ 
¦=ങ്ക
¼=മ്പ
½=മ്മ
¤=ഗ്ഗ
ô=ഞ്ച
þ=-
∂=ന്ന
-=
≤=ദ്ധ
≥=ന്‍ 
ƒ=ള്‍ 
˛=-
Ω=മ്മ
‰=റ്റ
ÿ=സ്ഥ
›=ശ്ച
∞=ത്ഥ
≠=ണ്ട
‡=ക്ത
√=ല്ല
∏=പ്പ
≈=ള്ള
π=പ്ല
ø=യ്യ
ﬂ=ത്മ
∑=ന്മ
÷=ജ്ജ
∆=വ്വ
™=ഞ്ഞ
—=ച്ഛ
‚=ന്റ
¥=ന്ത
 =സ്സ
⁄=ജ്ഞ
•=ഗ്ല
’=ത്സ
‘=ന്ധ
...=സ്ല
“=ഹ്മ
